[+] Job id:  job_20251214_233106_MHEnsK
[+] Job dir: /Users/danito/Downloads/tonteria/r2agent-docker/docker/r2agent/analisis/job_20251214_233106_MHEnsK
[+] Copied input.bin: /Users/danito/Downloads/tonteria/r2agent-docker/docker/r2agent/analisis/job_20251214_233106_MHEnsK/input.bin (13880 bytes)
[+] Launching container...
[i] No analyze.task.md found in /workspace, copying template...
[+] input.bin detected, starting analysis...
[i] OpenCode config: /home/op/.config/opencode/opencode.json
radare2 6.0.7 1 @ linux-arm-64
birth: git.6.0.7 2025-12-14__12:21:02
commit: a81b90c76fff87a6ad22c3ce7f5daba8f425194e
options: gpl -O? cs:5 cl:2 make
r2pm 6.0.7 1 @ linux-arm-64
birth: git.6.0.7 2025-12-14__12:21:02
commit: a81b90c76fff87a6ad22c3ce7f5daba8f425194e
options: gpl -O? cs:5 cl:2 make
1.0.152
[+] Running OpenCode, logging to /workspace/opencode.log ...
Terminated
[!] OpenCode returned non-zero exit code: 143
    See: /workspace/opencode.log
[!] report.md was not created at /workspace/report.md
    See: /workspace/opencode.log
