[+] input.bin detected, starting analysis...
[i] OpenCode config: /home/op/.config/opencode/opencode.json
radare2 6.0.7 1 @ linux-arm-64
birth: git.6.0.7 2025-12-14__12:21:02
commit: a81b90c76fff87a6ad22c3ce7f5daba8f425194e
options: gpl -O? cs:5 cl:2 make
r2pm 6.0.7 1 @ linux-arm-64
birth: git.6.0.7 2025-12-14__12:21:02
commit: a81b90c76fff87a6ad22c3ce7f5daba8f425194e
options: gpl -O? cs:5 cl:2 make
1.0.153
[+] Running OpenCode, logging to /workspace/opencode.log ...
[94m[1m| [0m[90m radare2_open_file  [0m{"file_path":"/workspace/input.bin"}


I'll analyze the binary following the detailed plan. Let me start by opening and analyzing the file.




[94m[1m| [0m[90m radare2_analyze  [0m{"level":3}
[94m[1m| [0m[90m radare2_list_decompilers  [0mUnknown



[94m[1m| [0m[90m radare2_use_decompiler  [0m{"name":"pdg"}



[94m[1m| [0m[90m radare2_run_command  [0m{"command":"pdg?"}



[94m[1m| [0m[90m radare2_show_headers  [0mUnknown



[94m[1m| [0m[90m radare2_list_sections  [0mUnknown



[94m[1m| [0m[90m radare2_list_symbols  [0mUnknown



[94m[1m| [0m[90m radare2_list_entrypoints  [0mUnknown



[94m[1m| [0m[90m radare2_list_libraries  [0mUnknown



[94m[1m| [0m[90m radare2_list_strings  [0m{"filter":"-h|--help|usage|password|flag|http|server|port|file|system|exec"}



[94m[1m| [0m[90m radare2_list_all_strings  [0m{"filter":"getopt|argc|argv|strcpy|scanf|socket|bind|listen|send|recv|fopen|open|system|execve|popen"}



[94m[1m| [0m[90m radare2_list_functions  [0m{"filter":"main"}



[94m[1m| [0m[90m radare2_run_command  [0m{"command":"s main"}



[94m[1m| [0m[90m radare2_decompile_function  [0m{"address":"main"}



[94m[1m| [0m[90m radare2_list_strings  [0m{"filter":"-p|-u|-h|-a|-c"}



[94m[1m| [0m[90m radare2_run_command  [0m{"command":"i~pie,nx,relro,canary,stripped"}



[94m[1m| [0m[90m radare2_xrefs_to  [0m{"address":"sym.imp.socket"}



[94m[1m| [0m[90m radare2_xrefs_to  [0m{"address":"sym.imp.connect"}



[94m[1m| [0m[90m radare2_xrefs_to  [0m{"address":"sym.imp.strcpy"}



[94m[1m| [0m[90m radare2_close_file  [0mUnknown



[92m[1m| [0m[90m Write    [0mworkspace/report.md





Analysis complete. The binary is a CLI client application for ARM Linux that connects to a remote server. Key security findings include potential buffer overflows in argument parsing, network exposure, and terminal manipulation capabilities. The binary lacks stack canaries and PIE protection but has NX enabled.

[+] Done. Report written to /workspace/report.md
[+] Log written to /workspace/opencode.log
