[i] No analyze.task.md found in /workspace, copying template...
[+] input.bin detected, starting analysis...
[i] OpenCode config: /home/op/.config/opencode/opencode.json
radare2 6.0.7 1 @ linux-arm-64
birth: git.6.0.7 2025-12-14__12:21:02
commit: a81b90c76fff87a6ad22c3ce7f5daba8f425194e
options: gpl -O? cs:5 cl:2 make
r2pm 6.0.7 1 @ linux-arm-64
birth: git.6.0.7 2025-12-14__12:21:02
commit: a81b90c76fff87a6ad22c3ce7f5daba8f425194e
options: gpl -O? cs:5 cl:2 make
1.0.152
[+] Running OpenCode, logging to /workspace/opencode.log ...
I'll analyze the binary following the specified plan. Let me start with setup and basic analysis.
[94m[1m| [0m[90m radare2_open_file  [0m{"file_path":"/workspace/input.bin"}
[94m[1m| [0m[90m radare2_analyze  [0m{"level":3}
[94m[1m| [0m[90m radare2_list_decompilers  [0mUnknown
[94m[1m| [0m[90m radare2_run_command  [0m{"command":"pdg?"}
[94m[1m| [0m[90m radare2_use_decompiler  [0m{"name":"pdg"}
[94m[1m| [0m[90m radare2_run_command  [0m{"command":"pdg"}
[94m[1m| [0m[90m radare2_show_headers  [0mUnknown
[94m[1m| [0m[90m radare2_list_sections  [0mUnknown
[94m[1m| [0m[90m radare2_list_symbols  [0m{"filter":".*"}
[94m[1m| [0m[90m radare2_list_entrypoints  [0mUnknown
[94m[1m| [0m[90m radare2_run_command  [0m{"command":"afl~main"}
[94m[1m| [0m[90m radare2_run_command  [0m{"command":"s sym.main"}
[94m[1m| [0m[90m radare2_decompile_function  [0m{"address":"sym.main"}
Let me check if there's another main function and examine it more carefully:
[94m[1m| [0m[90m radare2_run_command  [0m{"command":"s main"}
[94m[1m| [0m[90m radare2_decompile_function  [0m{"address":"main"}
Now let me continue with libraries, imports, and strings analysis:
[94m[1m| [0m[90m radare2_list_libraries  [0mUnknown
[94m[1m| [0m[90m radare2_list_imports  [0m{"filter":"socket|bind|listen|accept|connect|fopen|open|system|execve|popen|strcpy|strcat|sprintf|scanf|getopt|argc|argv"}
[94m[1m| [0m[90m radare2_list_strings  [0m{"filter":"-h|--help|usage|password|flag|http|server|port|file|system|exec"}
[94m[1m| [0m[90m radare2_list_all_strings  [0m{"filter":"socket|bind|listen|accept|connect|fopen|open|system|execve|popen|strcpy|strcat|sprintf|scanf|getopt|argc|argv"}
[94m[1m| [0m[90m radare2_list_all_strings  [0m{"filter":".*","cursor":"0","page_size":100}
[94m[1m| [0m[90m radare2_list_all_strings  [0m{"filter":"http|server|port|help|usage|password|error|success|mock|gzip","cursor":"0","page_size":50}
Let me examine the handleRequest function since that seems to be the main logic:
[94m[1m| [0m[90m radare2_run_command  [0m{"command":"s fcn.0000d0fc"}
[94m[1m| [0m[90m radare2_decompile_function  [0m{"address":"fcn.0000d0fc"}
Now let me check for hardening features and get some security-relevant information:
[94m[1m| [0m[90m radare2_run_command  [0m{"command":"i~pie,nx,relro,canary,stripped"}
[94m[1m| [0m[90m radare2_xrefs_to  [0m{"address":"sym.imp.socket"}
[94m[1m| [0m[90m radare2_xrefs_to  [0m{"address":"sym.imp.bind"}
[94m[1m| [0m[90m radare2_xrefs_to  [0m{"address":"sym.imp.system"}
Let me check for network-related strings in the binary:
[94m[1m| [0m[90m radare2_run_command  [0m{"command":"iz~gzip|mock|server|http|logger|ACCEPT"}
[94m[1m| [0m[90m radare2_list_all_strings  [0m{"filter":"gzip","cursor":"0","page_size":10}
[94m[1m| [0m[90m radare2_run_command  [0m{"command":"px 200 @ 0x36800"}
Now let me gather information about the entry point and write the report:
[94m[1m| [0m[90m radare2_get_current_address  [0mUnknown
[94m[1m| [0m[90m radare2_run_command  [0m{"command":"s entry0"}
[94m[1m| [0m[90m radare2_decompile_function  [0m{"address":"entry0"}
Now I have enough information to create a comprehensive report. Let me write the analysis report:
[92m[1m| [0m[90m Write    [0mworkspace/report.md
[94m[1m| [0m[90m radare2_close_file  [0mUnknown
I have completed a comprehensive static analysis of the binary `/workspace/input.bin` and generated a detailed report at `/workspace/report.md`.

## Key Findings Summary:

**Binary Identification:**
- ELF32 executable for ARM architecture
- C++ application with extensive CGI/HTTP functionality
- Modem controller management system with SNMP integration

**Security Assessment:**
- **High Risk**: No stack canaries, no PIE protection
- **Medium Risk**: Network operations, CGI environment parsing, file operations
- **Partial hardening**: NX enabled, partial RELRO

**Functionality:**
- CGI client for modem controller management
- HTTP request/response processing with gzip compression
- JSON-based communication protocol
- SNMP network management integration
- System logging and IPC communication

The analysis reveals this is a legitimate embedded system management application rather than malicious software, but it does have several security hardening weaknesses that should be addressed in a production environment.
[+] Done. Report written to /workspace/report.md
[+] Log written to /workspace/opencode.log
