[i] No analyze.task.md found in /workspace, copying template...
[+] input.bin detected, starting analysis...
[i] OpenCode config: /home/op/.config/opencode/opencode.json
radare2 6.0.7 1 @ linux-arm-64
birth: git.6.0.7 2025-12-14__12:21:02
commit: a81b90c76fff87a6ad22c3ce7f5daba8f425194e
options: gpl -O? cs:5 cl:2 make
r2pm 6.0.7 1 @ linux-arm-64
birth: git.6.0.7 2025-12-14__12:21:02
commit: a81b90c76fff87a6ad22c3ce7f5daba8f425194e
options: gpl -O? cs:5 cl:2 make
[0m[31mEACCES[0m[2m:[0m [1mpermission denied, mkdir '/home/op/.local/share/opencode/bin'[0m
    path[0m[2m:[0m [0m[32m"/home/op/.local/share/opencode/bin"[0m[0m[2m,[0m
 syscall[0m[2m:[0m [0m[32m"mkdir"[0m[0m[2m,[0m
   errno[0m[2m:[0m [0m[33m-13[0m[0m[2m,[0m
    code[0m[2m:[0m [32m"EACCES"[0m

[0m
[2mBun v1.3.3 (Linux arm64)[0m
[+] Running OpenCode, logging to /workspace/opencode.log ...
EACCES: permission denied, mkdir '/home/op/.local/share/opencode/bin'
    path: "/home/op/.local/share/opencode/bin",
 syscall: "mkdir",
   errno: -13,
    code: "EACCES"


Bun v1.3.3 (Linux arm64)
[!] OpenCode returned non-zero exit code: 1
    See: /workspace/opencode.log
[!] report.md was not created at /workspace/report.md
    See: /workspace/opencode.log
