[+] input.bin detected, starting analysis...
[i] OpenCode config: /home/op/.config/opencode/opencode.json
radare2 6.0.7 1 @ linux-arm-64
birth: git.6.0.7 2025-12-15__09:18:03
commit: dca8fb249c0d33ac4f0fdf280ecc0cdffbe19e79
options: gpl -O? cs:5 cl:2 make
r2pm 6.0.7 1 @ linux-arm-64
birth: git.6.0.7 2025-12-15__09:18:03
commit: dca8fb249c0d33ac4f0fdf280ecc0cdffbe19e79
options: gpl -O? cs:5 cl:2 make
1.0.153
[+] Running OpenCode, logging to /workspace/opencode.log ...


I'll help you reverse engineer the crackme binary. Let me start by setting up the environment and analyzing the binary.

[94m[1m| [0m[90m radare2_open_file  [0m{"file_path":"/workspace/input.bin"}


Let me start by opening the binary file and performing basic analysis.

[94m[1m| [0m[90m radare2_analyze  [0m{"level":3}



[94m[1m| [0m[90m radare2_show_headers  [0mUnknown
[94m[1m| [0m[90m radare2_list_entrypoints  [0mUnknown
[94m[1m| [0m[90m radare2_list_sections  [0mUnknown
[94m[1m| [0m[90m radare2_list_imports  [0mUnknown
[94m[1m| [0m[90m radare2_list_libraries  [0mUnknown


Now let me gather basic information about the binary:

[94m[1m| [0m[90m radare2_list_all_strings  [0mUnknown
[94m[1m| [0m[90m radare2_list_symbols  [0mUnknown


Now let me look at strings and symbols to get more context:

[94m[1m| [0m[90m radare2_list_functions  [0mUnknown


Great! I can see some interesting strings. Let me look at the functions and find the main function:

[94m[1m| [0m[90m radare2_xrefs_to  [0m{"address":"0x00000890"}
[94m[1m| [0m[90m radare2_xrefs_to  [0m{"address":"0x0000089d"}
[94m[1m| [0m[90m radare2_decompile_function  [0m{"address":"0x00000720"}


Now let me examine the main function and look at the cross-references to the interesting strings:

[94m[1m| [0m[90m invalid  [0mInvalid Tool


The decompilation is a bit messy. Let me look at the disassembly to understand the logic better:

[94m[1m| [0m[90m radare2_run_command  [0m{"command":"pdf @ main"}


Let me use the run_command to disassemble the main function:

[94m[1m| [0m[90m radare2_run_command  [0m{"command":"px 4 @ 0x000008b4"}
[94m[1m| [0m[90m radare2_run_command  [0m{"command":"px 4 @ 0x000008b8"}
[94m[1m| [0m[90m radare2_run_command  [0m{"command":"px 4 @ 0x000008bc"}


Now let me check what the constant values are in memory:

[94m[1m| [0m[90m radare2_run_javascript  [0m{"script":"function hexToFloat(hex) {\n    var buf = new ArrayBuffer(4);\n    new DataView(buf).setUint32(0, parseInt(hex, 16), true); // little endian\n    return new DataView(buf).getFloat32(0);\n}\n\nconsole.log(\"0x000008b4:\", hexToFloat(\"40641893\"));\nconsole.log(\"0x000008b8:\", hexToFloat(\"3f4ccccd\"));  \nconsole.log(\"0x000008bc:\", hexToFloat(\"458e3666\"));"}


Let me convert these hex values to floating point:

[94m[1m| [0m[90m radare2_run_command  [0m{"command":"pf f @ 0x000008b4"}
[94m[1m| [0m[90m radare2_run_command  [0m{"command":"pf f @ 0x000008b8"}
[94m[1m| [0m[90m radare2_run_command  [0m{"command":"pf f @ 0x000008bc"}


Let me try a different approach to get these values:

[94m[1m| [0m[90m radare2_run_command  [0m{"command":"ps @ 0x00000894"}
[94m[1m| [0m[90m radare2_run_command  [0m{"command":"ps @ 0x00000897"}
[94m[1m| [0m[90m radare2_run_command  [0m{"command":"ps @ 0x0000089a"}
[94m[1m| [0m[90m radare2_run_command  [0m{"command":"ps @ 0x000008a7"}


Perfect! Now let me understand the algorithm by analyzing the code more carefully. Let me also check if there are any other constants or strings I missed:

  🔍 Resolving [1/1] 

Now let me analyze the algorithm step by step by creating a script to understand the logic:

[23D[0K  🚚 pyright [7/6] [21D[0K  🚚 pyright [7/6] [21D[0K  🔒 Saving lockfile... [26D[0K[92m[1m| [0m[90m Write    [0mworkspace/analyze.py
[91m[1m| [0m[90m Bash     [0mRun analysis script to understand algorithm

Constants found:
  CONST1 = 3.56399989
  CONST2 = 0.800000012
  TARGET = 4550.7998

Working backwards from TARGET:
Estimated iterations: 5688.499664672505
  If 5678 iterations: initial value = 8.399731863999477
    Input would be: 4.8357319739994775
  If 5679 iterations: initial value = 7.599731851999422
    Input would be: 4.0357319619994225
  If 5680 iterations: initial value = 6.799731839999367
    Input would be: 3.2357319499993675
  If 5681 iterations: initial value = 5.999731827999312
    Input would be: 2.4357319379993125
  If 5682 iterations: initial value = 5.199731815999257
    Input would be: 1.6357319259992575
  If 5683 iterations: initial value = 4.399731803999202
    Input would be: 0.8357319139992025
  If 5684 iterations: initial value = 3.5997317919991474
    Input would be: 0.03573190199914755
  If 5685 iterations: initial value = 2.799731780000002
    Input would be: -0.764268109999998
  If 5686 iterations: initial value = 1.999731767999947
    Input would be: -1.564268122000053
  If 5687 iterations: initial value = 1.199731755999892
    Input would be: -2.364268134000108
  If 5688 iterations: initial value = 0.3997317439998369
    Input would be: -3.164268146000163
  If 5689 iterations: initial value = -0.4002682680002181
    Input would be: -3.964268158000218
  If 5690 iterations: initial value = -1.200268280000273
    Input would be: -4.764268170000273
  If 5691 iterations: initial value = -2.000268292000328
    Input would be: -5.564268182000328
  If 5692 iterations: initial value = -2.800268304000383
    Input would be: -6.364268194000383
  If 5693 iterations: initial value = -3.600268316000438
    Input would be: -7.164268206000438
  If 5694 iterations: initial value = -4.400268328000493
    Input would be: -7.964268218000493
  If 5695 iterations: initial value = -5.200268340000548
    Input would be: -8.764268230000548
  If 5696 iterations: initial value = -6.000268352000603
    Input would be: -9.564268242000603
  If 5697 iterations: initial value = -6.800268364000658
    Input would be: -10.364268254000658




[92m[1m| [0m[90m Write    [0mworkspace/simulate.py


I need to understand the loop logic better. Let me re-examine the disassembly more carefully:

[91m[1m| [0m[90m Bash     [0mRun simulation to understand the algorithm

==================================================
Input: 0
  As float: 0.0
  + CONST1: 3.56399989
  Truncated to int: 3
  Loop: var_10h=3, var_8h starts at 0.0
    Iter 1: var_4h=3.0, var_8h=0.800000012
    Iter 2: var_4h=6.800000012, var_8h=1.600000024
    Iter 3: var_4h=11.400000036, var_8h=2.4000000360000002
    Iter 4: var_4h=16.800000072, var_8h=3.200000048
  Final: var_4h=16.800000072, var_8h=3.200000048
  Iterations: 4
  Compare var_4h (16.800000072) with TARGET (4550.7998)
  Result: Bad password

==================================================
Input: 1
  As float: 1.0
  + CONST1: 4.56399989
  Truncated to int: 4
  Loop: var_10h=4, var_8h starts at 0.0
    Iter 1: var_4h=4.0, var_8h=0.800000012
    Iter 2: var_4h=8.800000012, var_8h=1.600000024
    Iter 3: var_4h=14.400000036, var_8h=2.4000000360000002
    Iter 4: var_4h=20.800000072, var_8h=3.200000048
  Final: var_4h=28.00000012, var_8h=4.0000000600000005
  Iterations: 5
  Compare var_4h (28.00000012) with TARGET (4550.7998)
  Result: Bad password

==================================================
Input: 10
  As float: 10.0
  + CONST1: 13.56399989
  Truncated to int: 13
  Loop: var_10h=13, var_8h starts at 0.0
    Iter 1: var_4h=13.0, var_8h=0.800000012
    Iter 2: var_4h=26.800000011999998, var_8h=1.600000024
    Iter 3: var_4h=41.400000035999994, var_8h=2.4000000360000002
    Iter 4: var_4h=56.800000071999996, var_8h=3.200000048
  Final: var_4h=329.800001632, var_8h=13.600000204
  Iterations: 17
  Compare var_4h (329.800001632) with TARGET (4550.7998)
  Result: Bad password

==================================================
Input: 100
  As float: 100.0
  + CONST1: 103.56399989
  Truncated to int: 103
  Loop: var_10h=103, var_8h starts at 0.0
    Iter 1: var_4h=103.0, var_8h=0.800000012
    Iter 2: var_4h=206.800000012, var_8h=1.600000024
    Iter 3: var_4h=311.400000036, var_8h=2.4000000360000002
    Iter 4: var_4h=416.800000072, var_8h=3.200000048
  Final: var_4h=19891.800099071996, var_8h=103.20000154799988
  Iterations: 129
  Compare var_4h (19891.800099071996) with TARGET (4550.7998)
  Result: Bad password

==================================================
Searching for solution...
Searching for solution...
Input: -1000
  As float: -1000.0
  + CONST1: -996.43600011
  Truncated to int: -996
  Loop: var_10h=-996, var_8h starts at 0.0
  Final: var_4h=0.0, var_8h=0.0
  Iterations: 0
  Compare var_4h (0.0) with TARGET (4550.7998)
  Result: Bad password

Input: -999
  As float: -999.0
  + CONST1: -995.43600011
  Truncated to int: -995
  Loop: var_10h=-995, var_8h starts at 0.0
  Final: var_4h=0.0, var_8h=0.0
  Iterations: 0
  Compare var_4h (0.0) with TARGET (4550.7998)
  Result: Bad password

Input: -998
  As float: -998.0
  + CONST1: -994.43600011
  Truncated to int: -994
  Loop: var_10h=-994, var_8h starts at 0.0
  Final: var_4h=0.0, var_8h=0.0
  Iterations: 0
  Compare var_4h (0.0) with TARGET (4550.7998)
  Result: Bad password

Input: -997
  As float: -997.0
  + CONST1: -993.43600011
  Truncated to int: -993
  Loop: var_10h=-993, var_8h starts at 0.0
  Final: var_4h=0.0, var_8h=0.0
  Iterations: 0
  Compare var_4h (0.0) with TARGET (4550.7998)
  Result: Bad password

Input: -996
  As float: -996.0
  + CONST1: -992.43600011
  Truncated to int: -992
  Loop: var_10h=-992, var_8h starts at 0.0
  Final: var_4h=0.0, var_8h=0.0
  Iterations: 0
  Compare var_4h (0.0) with TARGET (4550.7998)
  Result: Bad password

Input: -995
  As float: -995.0
  + CONST1: -991.43600011
  Truncated to int: -991
  Loop: var_10h=-991, var_8h starts at 0.0
  Final: var_4h=0.0, var_8h=0.0
  Iterations: 0
  Compare var_4h (0.0) with TARGET (4550.7998)
  Result: Bad password

Input: -994
  As float: -994.0
  + CONST1: -990.43600011
  Truncated to int: -990
  Loop: var_10h=-990, var_8h starts at 0.0
  Final: var_4h=0.0, var_8h=0.0
  Iterations: 0
  Compare var_4h (0.0) with TARGET (4550.7998)
  Result: Bad password

Input: -993
  As float: -993.0
  + CONST1: -989.43600011
  Truncated to int: -989
  Loop: var_10h=-989, var_8h starts at 0.0
  Final: var_4h=0.0, var_8h=0.0
  Iterations: 0
  Compare var_4h (0.0) with TARGET (4550.7998)
  Result: Bad password

Input: -992
  As float: -992.0
  + CONST1: -988.43600011
  Truncated to int: -988
  Loop: var_10h=-988, var_8h starts at 0.0
  Final: var_4h=0.0, var_8h=0.0
  Iterations: 0
  Compare var_4h (0.0) with TARGET (4550.7998)
  Result: Bad password

Input: -991
  As float: -991.0
  + CONST1: -987.43600011
  Truncated to int: -987
  Loop: var_10h=-987, var_8h starts at 0.0
  Final: var_4h=0.0, var_8h=0.0
  Iterations: 0
  Compare var_4h (0.0) with TARGET (4550.7998)
  Result: Bad password

Input: -990
  As float: -990.0
  + CONST1: -986.43600011
  Truncated to int: -986
  Loop: var_10h=-986, var_8h starts at 0.0
  Final: var_4h=0.0, var_8h=0.0
  Iterations: 0
  Compare var_4h (0.0) with TARGET (4550.7998)
  Result: Bad password

Input: -989
  As float: -989.0
  + CONST1: -985.43600011
  Truncated to int: -985
  Loop: var_10h=-985, var_8h starts at 0.0
  Final: var_4h=0.0, var_8h=0.0
  Iterations: 0
  Compare var_4h (0.0) with TARGET (4550.7998)
  Result: Bad password

Input: -988
  As float: -988.0
  + CONST1: -984.43600011
  Truncated to int: -984
  Loop: var_10h=-984, var_8h starts at 0.0
  Final: var_4h=0.0, var_8h=0.0
  Iterations: 0
  Compare var_4h (0.0) with TARGET (4550.7998)
  Result: Bad password

Input: -987
  As float: -987.0
  + CONST1: -983.43600011
  Truncated to int: -983
  Loop: var_10h=-983, var_8h starts at 0.0
  Final: var_4h=0.0, var_8h=0.0
  Iterations: 0
  Compare var_4h (0.0) with TARGET (4550.7998)
  Result: Bad password

Input: -986
  As float: -986.0
  + CONST1: -982.43600011
  Truncated to int: -982
  Loop: var_10h=-982, var_8h starts at 0.0
  Final: var_4h=0.0, var_8h=0.0
  Iterations: 0
  Compare var_4h (0.0) with TARGET (4550.7998)
  Result: Bad password

Input: -985
  As float: -985.0
  + CONST1: -981.43600011
  Truncated to int: -981
  Loop: var_10h=-981, var_8h starts at 0.0
  Final: var_4h=0.0, var_8h=0.0
  Iterations: 0
  Compare var_4h (0.0) with TARGET (4550.7998)
  Result: Bad password

Input: -984
  As float: -984.0
  + CONST1: -980.43600011
  Truncated to int: -980
  Loop: var_10h=-980, var_8h starts at 0.0
  Final: var_4h=0.0, var_8h=0.0
  Iterations: 0
  Compare var_4h (0.0) with TARGET (4550.7998)
  Result: Bad password

Input: -983
  As float: -983.0
  + CONST1: -979.43600011
  Truncated to int: -979
  Loop: var_10h=-979, var_8h starts at 0.0
  Final: var_4h=0.0, var_8h=0.0
  Iterations: 0
  Compare var_4h (0.0) with TARGET (4550.7998)
  Result: Bad password

Input: -982
  As float: -982.0
  + CONST1: -978.43600011
  Truncated to int: -978
  Loop: var_10h=-978, var_8h starts at 0.0
  Final: var_4h=0.0, var_8h=0.0
  Iterations: 0
  Compare var_4h (0.0) with TARGET (4550.7998)
  Result: Bad password

Input: -981
  As float: -981.0
  + CONST1: -977.43600011
  Truncated to int: -977
  Loop: var_10h=-977, var_8h starts at 0.0
  Final: var_4h=0.0, var_8h=0.0
  Iterations: 0
  Compare var_4h (0.0) with TARGET (4550.7998)
  Result: Bad password

Input: -980
  As float: -980.0
  + CONST1: -976.43600011
  Truncated to int: -976
  Loop: var_10h=-976, var_8h starts at 0.0
  Final: var_4h=0.0, var_8h=0.0
  Iterations: 0
  Compare var_4h (0.0) with TARGET (4550.7998)
  Result: Bad password

Input: -979
  As float: -979.0
  + CONST1: -975.43600011
  Truncated to int: -975
  Loop: var_10h=-975, var_8h starts at 0.0
  Final: var_4h=0.0, var_8h=0.0
  Iterations: 0
  Compare var_4h (0.0) with TARGET (4550.7998)
  Result: Bad password

Input: -978
  As float: -978.0
  + CONST1: -974.43600011
  Truncated to int: -974
  Loop: var_10h=-974, var_8h starts at 0.0
  Final: var_4h=0.0, var_8h=0.0
  Iterations: 0
  Compare var_4h (0.0) with TARGET (4550.7998)
  Result: Bad password

Input: -977
  As float: -977.0
  + CONST1: -973.43600011
  Truncated to int: -973
  Loop: var_10h=-973, var_8h starts at 0.0
  Final: var_4h=0.0, var_8h=0.0
  Iterations: 0
  Compare var_4h (0.0) with TARGET (4550.7998)
  Result: Bad password

Input: -976
  As float: -976.0
  + CONST1: -972.43600011
  Truncated to int: -972
  Loop: var_10h=-972, var_8h starts at 0.0
  Final: var_4h=0.0, var_8h=0.0
  Iterations: 0
  Compare var_4h (0.0) with TARGET (4550.7998)
  Result: Bad password

Input: -975
  As float: -975.0
  + CONST1: -971.43600011
  Truncated to int: -971
  Loop: var_10h=-971, var_8h starts at 0.0
  Final: var_4h=0.0, var_8h=0.0
  Iterations: 0
  Compare var_4h (0.0) with TARGET (4550.7998)
  Result: Bad password

Input: -974
  As float: -974.0
  + CONST1: -970.43600011
  Truncated to int: -970
  Loop: var_10h=-970, var_8h starts at 0.0
  Final: var_4h=0.0, var_8h=0.0
  Iterations: 0
  Compare var_4h (0.0) with TARGET (4550.7998)
  Result: Bad password

Input: -973
  As float: -973.0
  + CONST1: -969.43600011
  Truncated to int: -969
  Loop: var_10h=-969, var_8h starts at 0.0
  Final: var_4h=0.0, var_8h=0.0
  Iterations: 0
  Compare var_4h (0.0) with TARGET (4550.7998)
  Result: Bad password

Input: -972
  As float: -972.0
  + CONST1: -968.43600011
  Truncated to int: -968
  Loop: var_10h=-968, var_8h starts at 0.0
  Final: var_4h=0.0, var_8h=0.0
  Iterations: 0
  Compare var_4h (0.0) with TARGET (4550.7998)
  Result: Bad password

Input: -971
  As float: -971.0
  + CONST1: -967.43600011
  Truncated to int: -967
  Loop: var_10h=-967, var_8h starts at 0.0
  Final: var_4h=0.0, var_8h=0.0
  Iterations: 0
  Compare var_4h (0.0) with TARGET (4550.7998)
  Result: Bad password

Input: -970
  As float: -970.0
  + CONST1: -966.43600011
  Truncated to int: -966
  Loop: var_10h=-966, var_8h starts at 0.0
  Final: var_4h=0.0, var_8h=0.0
  Iterations: 0
  Compare var_4h (0.0) with TARGET (4550.7998)
  Result: Bad password

Input: -969
  As float: -969.0
  + CONST1: -965.43600011
  Truncated to int: -965
  Loop: var_10h=-965, var_8h starts at 0.0
  Final: var_4h=0.0, var_8h=0.0
  Iterations: 0
  Compare var_4h (0.0) with TARGET (4550.7998)
  Result: Bad password

Input: -968
  As float: -968.0
  + CONST1: -964.43600011
  Truncated to int: -964
  Loop: var_10h=-964, var_8h starts at 0.0
  Final: var_4h=0.0, var_8h=0.0
  Iterations: 0
  Compare var_4h (0.0) with TARGET (4550.7998)
  Result: Bad password

Input: -967
  As float: -967.0
  + CONST1: -963.43600011
  Truncated to int: -963
  Loop: var_10h=-963, var_8h starts at 0.0
  Final: var_4h=0.0, var_8h=0.0
  Iterations: 0
  Compare var_4h (0.0) with TARGET (4550.7998)
  Result: Bad password

Input: -966
  As float: -966.0
  + CONST1: -962.43600011
  Truncated to int: -962
  Loop: var_10h=-962, var_8h starts at 0.0
  Final: var_4h=0.0, var_8h=0.0
  Iterations: 0
  Compare var_4h (0.0) with TARGET (4550.7998)
  Result: Bad password

Input: -965
  As float: -965.0
  + CONST1: -961.43600011
  Truncated to int: -961
  Loop: var_10h=-961, var_8h starts at 0.0
  Final: var_4h=0.0, var_8h=0.0
  Iterations: 0
  Compare var_4h (0.0) with TARGET (4550.7998)
  Result: Bad password

Input: -964
  As float: -964.0
  + CONST1: -960.43600011
  Truncated to int: -960
  Loop: var_10h=-960, var_8h starts at 0.0
  Final: var_4h=0.0, var_8h=0.0
  Iterations: 0
  Compare var_4h (0.0) with TARGET (4550.7998)
  Result: Bad password

Input: -963
  As float: -963.0
  + CONST1: -959.43600011
  Truncated to int: -959
  Loop: var_10h=-959, var_8h starts at 0.0
  Final: var_4h=0.0, var_8h=0.0
  Iterations: 0
  Compare var_4h (0.0) with TARGET (4550.7998)
  Result: Bad password

Input: -962
  As float: -962.0
  + CONST1: -958.43600011
  Truncated to int: -958
  Loop: var_10h=-958, var_8h starts at 0.0
  Final: var_4h=0.0, var_8h=0.0
  Iterations: 0
  Compare var_4h (0.0) with TARGET (4550.7998)
  Result: Bad password

Input: -961
  As float: -961.0
  + CONST1: -957.43600011
  Truncated to int: -957
  Loop: var_10h=-957, var_8h starts at 0.0
  Final: var_4h=0.0, var_8h=0.0
  Iterations: 0
  Compare var_4h (0.0) with TARGET (4550.7998)
  Result: Bad password

Input: -960
  As float: -960.0
  + CONST1: -956.43600011
  Truncated to int: -956
  Loop: var_10h=-956, var_8h starts at 0.0
  Final: var_4h=0.0, var_8h=0.0
  Iterations: 0
  Compare var_4h (0.0) with TARGET (4550.7998)
  Result: Bad password

Input: -959
  As float: -959.0
  + CONST1: -955.43600011
  Truncated to int: -955
  Loop: var_10h=-955, var_8h starts at 0.0
  Final: var_4h=0.0, var_8h=0.0
  Iterations: 0
  Compare var_4h (0.0) with TARGET (4550.7998)
  Result: Bad password

Input: -958
  As float: -958.0
  + CONST1: -954.43600011
  Truncated to int: -954
  Loop: var_10h=-954, var_8h starts at 0.0
  Final: var_4h=0.0, var_8h=0.0
  Iterations: 0
  Compare var_4h (0.0) with TARGET (4550.7998)
  Result: Bad password

Input: -957
  As float: -957.0
  + CONST1: -953.43600011
  Truncated to int: -953
  Loop: var_10h=-953, var_8h starts at 0.0
  Final: var_4h=0.0, var_8h=0.0
  Iterations: 0
  Compare var_4h (0.0) with TARGET (4550.7998)
  Result: Bad password

Input: -956
  As float: -956.0
  + CONST1: -952.43600011
  Truncated to int: -952
  Loop: var_10h=-952, var_8h starts at 0.0
  Final: var_4h=0.0, var_8h=0.0
  Iterations: 0
  Compare var_4h (0.0) with TARGET (4550.7998)
  Result: Bad password

Input: -955
  As float: -955.0
  + CONST1: -951.43600011
  Truncated to int: -951
  Loop: var_10h=-951, var_8h starts at 0.0
  Final: var_4h=0.0, var_8h=0.0
  Iterations: 0
  Compare var_4h (0.0) with TARGET (4550.7998)
  Result: Bad password

Input: -954
  As float: -954.0
  + CONST1: -950.43600011
  Truncated to int: -950
  Loop: var_10h=-950, var_8h starts at 0.0
  Final: var_4h=0.0, var_8h=0.0
  Iterations: 0
  Compare var_4h (0.0) with TARGET (4550.7998)
  Result: Bad password

Input: -953
  As float: -953.0
  + CONST1: -949.43600011
  Truncated to int: -949
  Loop: var_10h=-949, var_8h starts at 0.0
  Final: var_4h=0.0, var_8h=0.0
  Iterations: 0
  Compare var_4h (0.0) with TARGET (4550.7998)
  Result: Bad password

Input: -952
  As float: -952.0
  + CONST1: -948.43600011
  Truncated to int: -948
  Loop: var_10h=-948, var_8h starts at 0.0
  Final: var_4h=0.0, var_8h=0.0
  Iterations: 0
  Compare var_4h (0.0) with TARGET (4550.7998)
  Result: Bad password

Input: -951
  As float: -951.0
  + CONST1: -947.43600011
  Truncated to int: -947
  Loop: var_10h=-947, var_8h starts at 0.0
  Final: var_4h=0.0, var_8h=0.0
  Iterations: 0
  Compare var_4h (0.0) with TARGET (4550.7998)
  Result: Bad password

Input: -950
  As float: -950.0
  + CONST1: -946.43600011
  Truncated to int: -946
  Loop: var_10h=-946, var_8h starts at 0.0
  Final: var_4h=0.0, var_8h=0.0
  Iterations: 0
  Compare var_4h (0.0) with TARGET (4550.7998)
  Result: Bad password

Input: -949
  As float: -949.0
  + CONST1: -945.43600011
  Truncated to int: -945
  Loop: var_10h=-945, var_8h starts at 0.0
  Final: var_4h=0.0, var_8h=0.0
  Iterations: 0
  Compare var_4h (0.0) with TARGET (4550.7998)
  Result: Bad password

Input: -948
  As float: -948.0
  + CONST1: -944.43600011
  Truncated to int: -944
  Loop: var_10h=-944, var_8h starts at 0.0
  Final: var_4h=0.0, var_8h=0.0
  Iterations: 0
  Compare var_4h (0.0) with TARGET (4550.7998)
  Result: Bad password

Input: -947
  As float: -947.0
  + CONST1: -943.43600011
  Truncated to int: -943
  Loop: var_10h=-943, var_8h starts at 0.0
  Final: var_4h=0.0, var_8h=0.0
  Iterations: 0
  Compare var_4h (0.0) with TARGET (4550.7998)
  Result: Bad password

Input: -946
  As float: -946.0
  + CONST1: -942.43600011
  Truncated to int: -942
  Loop: var_10h=-942, var_8h starts at 0.0
  Final: var_4h=0.0, var_8h=0.0
  Iterations: 0
  Compare var_4h (0.0) with TARGET (4550.7998)
  Result: Bad password

Input: -945
  As float: -945.0
  + CONST1: -941.43600011
  Truncated to int: -941
  Loop: var_10h=-941, var_8h starts at 0.0
  Final: var_4h=0.0, var_8h=0.0
  Iterations: 0
  Compare var_4h (0.0) with TARGET (4550.7998)
  Result: Bad password

Input: -944
  As float: -944.0
  + CONST1: -940.43600011
  Truncated to int: -940
  Loop: var_10h=-940, var_8h starts at 0.0
  Final: var_4h=0.0, var_8h=0.0
  Iterations: 0
  Compare var_4h (0.0) with TARGET (4550.7998)
  Result: Bad password

Input: -943
  As float: -943.0
  + CONST1: -939.43600011
  Truncated to int: -939
  Loop: var_10h=-939, var_8h starts at 0.0
  Final: var_4h=0.0, var_8h=0.0
  Iterations: 0
  Compare var_4h (0.0) with TARGET (4550.7998)
  Result: Bad password

Input: -942
  As float: -942.0
  + CONST1: -938.43600011
  Truncated to int: -938
  Loop: var_10h=-938, var_8h starts at 0.0
  Final: var_4h=0.0, var_8h=0.0
  Iterations: 0
  Compare var_4h (0.0) with TARGET (4550.7998)
  Result: Bad password

Input: -941
  As float: -941.0
  + CONST1: -937.43600011
  Truncated to int: -937
  Loop: var_10h=-937, var_8h starts at 0.0
  Final: var_4h=0.0, var_8h=0.0
  Iterations: 0
  Compare var_4h (0.0) with TARGET (4550.7998)
  Result: Bad password

Input: -940
  As float: -940.0
  + CONST1: -936.43600011
  Truncated to int: -936
  Loop: var_10h=-936, var_8h starts at 0.0
  Final: var_4h=0.0, var_8h=0.0
  Iterations: 0
  Compare var_4h (0.0) with TARGET (4550.7998)
  Result: Bad password

Input: -939
  As float: -939.0
  + CONST1: -935.43600011
  Truncated to int: -935
  Loop: var_10h=-935, var_8h starts at 0.0
  Final: var_4h=0.0, var_8h=0.0
  Iterations: 0
  Compare var_4h (0.0) with TARGET (4550.7998)
  Result: Bad password

Input: -938
  As float: -938.0
  + CONST1: -934.43600011
  Truncated to int: -934
  Loop: var_10h=-934, var_8h starts at 0.0
  Final: var_4h=0.0, var_8h=0.0
  Iterations: 0
  Compare var_4h (0.0) with TARGET (4550.7998)
  Result: Bad password

Input: -937
  As float: -937.0
  + CONST1: -933.43600011
  Truncated to int: -933
  Loop: var_10h=-933, var_8h starts at 0.0
  Final: var_4h=0.0, var_8h=0.0
  Iterations: 0
  Compare var_4h (0.0) with TARGET (4550.7998)
  Result: Bad password

Input: -936
  As float: -936.0
  + CONST1: -932.43600011
  Truncated to int: -932
  Loop: var_10h=-932, var_8h starts at 0.0
  Final: var_4h=0.0, var_8h=0.0
  Iterations: 0
  Compare var_4h (0.0) with TARGET (4550.7998)
  Result: Bad password

Input: -935
  As float: -935.0
  + CONST1: -931.43600011
  Truncated to int: -931
  Loop: var_10h=-931, var_8h starts at 0.0
  Final: var_4h=0.0, var_8h=0.0
  Iterations: 0
  Compare var_4h (0.0) with TARGET (4550.7998)
  Result: Bad password

Input: -934
  As float: -934.0
  + CONST1: -930.43600011
  Truncated to int: -930
  Loop: var_10h=-930, var_8h starts at 0.0
  Final: var_4h=0.0, var_8h=0.0
  Iterations: 0
  Compare var_4h (0.0) with TARGET (4550.7998)
  Result: Bad password

Input: -933
  As float: -933.0
  + CONST1: -929.43600011
  Truncated to int: -929
  Loop: var_10h=-929, var_8h starts at 0.0
  Final: var_4h=0.0, var_8h=0.0
  Iterations: 0
  Compare var_4h (0.0) with TARGET (4550.7998)
  Result: Bad password

Input: -932
  As float: -932.0
  + CONST1: -928.43600011
  Truncated to int: -928
  Loop: var_10h=-928, var_8h starts at 0.0
  Final: var_4h=0.0, var_8h=0.0
  Iterations: 0
  Compare var_4h (0.0) with TARGET (4550.7998)
  Result: Bad password

Input: -931
  As float: -931.0
  + CONST1: -927.43600011
  Truncated to int: -927
  Loop: var_10h=-927, var_8h starts at 0.0
  Final: var_4h=0.0, var_8h=0.0
  Iterations: 0
  Compare var_4h (0.0) with TARGET (4550.7998)
  Result: Bad password

Input: -930
  As float: -930.0
  + CONST1: -926.43600011
  Truncated to int: -926
  Loop: var_10h=-926, var_8h starts at 0.0
  Final: var_4h=0.0, var_8h=0.0
  Iterations: 0
  Compare var_4h (0.0) with TARGET (4550.7998)
  Result: Bad password

Input: -929
  As float: -929.0
  + CONST1: -925.43600011
  Truncated to int: -925
  Loop: var_10h=-925, var_8h starts at 0.0
  Final: var_4h=0.0, var_8h=0.0
  Iterations: 0
  Compare var_4h (0.0) with TARGET (4550.7998)
  Result: Bad password

Input: -928
  As float: -928.0
  + CONST1: -924.43600011
  Truncated to int: -924
  Loop: var_10h=-924, var_8h starts at 0.0
  Final: var_4h=0.0, var_8h=0.0
  Iterations: 0
  Compare var_4h (0.0) with TARGET (4550.7998)
  Result: Bad password

Input: -927
  As float: -927.0
  + CONST1: -923.43600011
  Truncated to int: -923
  Loop: var_10h=-923, var_8h starts at 0.0
  Final: var_4h=0.0, var_8h=0.0
  Iterations: 0
  Compare var_4h (0.0) with TARGET (4550.7998)
  Result: Bad password

Input: -926
  As float: -926.0
  + CONST1: -922.43600011
  Truncated to int: -922
  Loop: var_10h=-922, var_8h starts at 0.0
  Final: var_4h=0.0, var_8h=0.0
  Iterations: 0
  Compare var_4h (0.0) with TARGET (4550.7998)
  Result: Bad password

Input: -925
  As float: -925.0
  + CONST1: -921.43600011
  Truncated to int: -921
  Loop: var_10h=-921, var_8h starts at 0.0
  Final: var_4h=0.0, var_8h=0.0
  Iterations: 0
  Compare var_4h (0.0) with TARGET (4550.7998)
  Result: Bad password

Input: -924
  As float: -924.0
  + CONST1: -920.43600011
  Truncated to int: -920
  Loop: var_10h=-920, var_8h starts at 0.0
  Final: var_4h=0.0, var_8h=0.0
  Iterations: 0
  Compare var_4h (0.0) with TARGET (4550.7998)
  Result: Bad password

Input: -923
  As float: -923.0
  + CONST1: -919.43600011
  Truncated to int: -919
  Loop: var_10h=-919, var_8h starts at 0.0
  Final: var_4h=0.0, var_8h=0.0
  Iterations: 0
  Compare var_4h (0.0) with TARGET (4550.7998)
  Result: Bad password

Input: -922
  As float: -922.0
  + CONST1: -918.43600011
  Truncated to int: -918
  Loop: var_10h=-918, var_8h starts at 0.0
  Final: var_4h=0.0, var_8h=0.0
  Iterations: 0
  Compare var_4h (0.0) with TARGET (4550.7998)
  Result: Bad password

Input: -921
  As float: -921.0
  + CONST1: -917.43600011
  Truncated to int: -917
  Loop: var_10h=-917, var_8h starts at 0.0
  Final: var_4h=0.0, var_8h=0.0
  Iterations: 0
  Compare var_4h (0.0) with TARGET (4550.7998)
  Result: Bad password

Input: -920
  As float: -920.0
  + CONST1: -916.43600011
  Truncated to int: -916
  Loop: var_10h=-916, var_8h starts at 0.0
  Final: var_4h=0.0, var_8h=0.0
  Iterations: 0
  Compare var_4h (0.0) with TARGET (4550.7998)
  Result: Bad password

Input: -919
  As float: -919.0
  + CONST1: -915.43600011
  Truncated to int: -915
  Loop: var_10h=-915, var_8h starts at 0.0
  Final: var_4h=0.0, var_8h=0.0
  Iterations: 0
  Compare var_4h (0.0) with TARGET (4550.7998)
  Result: Bad password

Input: -918
  As float: -918.0
  + CONST1: -914.43600011
  Truncated to int: -914
  Loop: var_10h=-914, var_8h starts at 0.0
  Final: var_4h=0.0, var_8h=0.0
  Iterations: 0
  Compare var_4h (0.0) with TARGET (4550.7998)
  Result: Bad password

Input: -917
  As float: -917.0
  + CONST1: -913.43600011
  Truncated to int: -913
  Loop: var_10h=-913, var_8h starts at 0.0
  Final: var_4h=0.0, var_8h=0.0
  Iterations: 0
  Compare var_4h (0.0) with TARGET (4550.7998)
  Result: Bad password

Input: -916
  As float: -916.0
  + CONST1: -912.43600011
  Truncated to int: -912
  Loop: var_10h=-912, var_8h starts at 0.0
  Final: var_4h=0.0, var_8h=0.0
  Iterations: 0
  Compare var_4h (0.0) with TARGET (4550.7998)
  Result: Bad password

Input: -915
  As float: -915.0
  + CONST1: -911.43600011
  Truncated to int: -911
  Loop: var_10h=-911, var_8h starts at 0.0
  Final: var_4h=0.0, var_8h=0.0
  Iterations: 0
  Compare var_4h (0.0) with TARGET (4550.7998)
  Result: Bad password

Input: -914
  As float: -914.0
  + CONST1: -910.43600011
  Truncated to int: -910
  Loop: var_10h=-910, var_8h starts at 0.0
  Final: var_4h=0.0, var_8h=0.0
  Iterations: 0
  Compare var_4h (0.0) with TARGET (4550.7998)
  Result: Bad password

Input: -913
  As float: -913.0
  + CONST1: -909.43600011
  Truncated to int: -909
  Loop: var_10h=-909, var_8h starts at 0.0
  Final: var_4h=0.0, var_8h=0.0
  Iterations: 0
  Compare var_4h (0.0) with TARGET (4550.7998)
  Result: Bad password

Input: -912
  As float: -912.0
  + CONST1: -908.43600011
  Truncated to int: -908
  Loop: var_10h=-908, var_8h starts at 0.0
  Final: var_4h=0.0, var_8h=0.0
  Iterations: 0
  Compare var_4h (0.0) with TARGET (4550.7998)
  Result: Bad password

Input: -911
  As float: -911.0
  + CONST1: -907.43600011
  Truncated to int: -907
  Loop: var_10h=-907, var_8h starts at 0.0
  Final: var_4h=0.0, var_8h=0.0
  Iterations: 0
  Compare var_4h (0.0) with TARGET (4550.7998)
  Result: Bad password

Input: -910
  As float: -910.0
  + CONST1: -906.43600011
  Truncated to int: -906
  Loop: var_10h=-906, var_8h starts at 0.0
  Final: var_4h=0.0, var_8h=0.0
  Iterations: 0
  Compare var_4h (0.0) with TARGET (4550.7998)
  Result: Bad password

Input: -909
  As float: -909.0
  + CONST1: -905.43600011
  Truncated to int: -905
  Loop: var_10h=-905, var_8h starts at 0.0
  Final: var_4h=0.0, var_8h=0.0
  Iterations: 0
  Compare var_4h (0.0) with TARGET (4550.7998)
  Result: Bad password

Input: -908
  As float: -908.0
  + CONST1: -904.43600011
  Truncated to int: -904
  Loop: var_10h=-904, var_8h starts at 0.0
  Final: var_4h=0.0, var_8h=0.0
  Iterations: 0
  Compare var_4h (0.0) with TARGET (4550.7998)
  Result: Bad password

Input: -907
  As float: -907.0
  + CONST1: -903.43600011
  Truncated to int: -903
  Loop: var_10h=-903, var_8h starts at 0.0
  Final: var_4h=0.0, var_8h=0.0
  Iterations: 0
  Compare var_4h (0.0) with TARGET (4550.7998)
  Result: Bad password

Input: -906
  As float: -906.0
  + CONST1: -902.43600011
  Truncated to int: -902
  Loop: var_10h=-902, var_8h starts at 0.0
  Final: var_4h=0.0, var_8h=0.0
  Iterations: 0
  Compare var_4h (0.0) with TARGET (4550.7998)
  Result: Bad password

Input: -905
  As float: -905.0
  + CONST1: -901.43600011
  Truncated to int: -901
  Loop: var_10h=-901, var_8h starts at 0.0
  Final: var_4h=0.0, var_8h=0.0
  Iterations: 0
  Compare var_4h (0.0) with TARGET (4550.7998)
  Result: Bad password

Input: -904
  As float: -904.0
  + CONST1: -900.43600011
  Truncated to int: -900
  Loop: var_10h=-900, var_8h starts at 0.0
  Final: var_4h=0.0, var_8h=0.0
  Iterations: 0
  Compare var_4h (0.0) with TARGET (4550.7998)
  Result: Bad password

Input: -903
  As float: -903.0
  + CONST1: -899.43600011
  Truncated to int: -899
  Loop: var_10h=-899, var_8h starts at 0.0
  Final: var_4h=0.0, var_8h=0.0
  Iterations: 0
  Compare var_4h (0.0) with TARGET (4550.7998)
  Result: Bad password

Input: -902
  As float: -902.0
  + CONST1: -898.43600011
  Truncated to int: -898
  Loop: var_10h=-898, var_8h starts at 0.0
  Final: var_4h=0.0, var_8h=0.0
  Iterations: 0
  Compare var_4h (0.0) with TARGET (4550.7998)
  Result: Bad password

Input: -901
  As float: -901.0
  + CONST1: -897.43600011
  Truncated to int: -897
  Loop: var_10h=-897, var_8h starts at 0.0
  Final: var_4h=0.0, var_8h=0.0
  Iterations: 0
  Compare var_4h (0.0) with TARGET (4550.7998)
  Result: Bad password

Input: -900
  As float: -900.0
  + CONST1: -896.43600011
  Truncated to int: -896
  Loop: var_10h=-896, var_8h starts at 0.0
  Final: var_4h=0.0, var_8h=0.0
  Iterations: 0
  Compare var_4h (0.0) with TARGET (4550.7998)
  Result: Bad password

Input: -899
  As float: -899.0
  + CONST1: -895.43600011
  Truncated to int: -895
  Loop: var_10h=-895, var_8h starts at 0.0
  Final: var_4h=0.0, var_8h=0.0
  Iterations: 0
  Compare var_4h (0.0) with TARGET (4550.7998)
  Result: Bad password

Input: -898
  As float: -898.0
  + CONST1: -894.43600011
  Truncated to int: -894
  Loop: var_10h=-894, var_8h starts at 0.0
  Final: var_4h=0.0, var_8h=0.0
  Iterations: 0
  Compare var_4h (0.0) with TARGET (4550.7998)
  Result: Bad password

Input: -897
  As float: -897.0
  + CONST1: -893.43600011
  Truncated to int: -893
  Loop: var_10h=-893, var_8h starts at 0.0
  Final: var_4h=0.0, var_8h=0.0
  Iterations: 0
  Compare var_4h (0.0) with TARGET (4550.7998)
  Result: Bad password

Input: -896
  As float: -896.0
  + CONST1: -892.43600011
  Truncated to int: -892
  Loop: var_10h=-892, var_8h starts at 0.0
  Final: var_4h=0.0, var_8h=0.0
  Iterations: 0
  Compare var_4h (0.0) with TARGET (4550.7998)
  Result: Bad password

Input: -895
  As float: -895.0
  + CONST1: -891.43600011
  Truncated to int: -891
  Loop: var_10h=-891, var_8h starts at 0.0
  Final: var_4h=0.0, var_8h=0.0
  Iterations: 0
  Compare var_4h (0.0) with TARGET (4550.7998)
  Result: Bad password

Input: -894
  As float: -894.0
  + CONST1: -890.43600011
  Truncated to int: -890
  Loop: var_10h=-890, var_8h starts at 0.0
  Final: var_4h=0.0, var_8h=0.0
  Iterations: 0
  Compare var_4h (0.0) with TARGET (4550.7998)
  Result: Bad password

Input: -893
  As float: -893.0
  + CONST1: -889.43600011
  Truncated to int: -889
  Loop: var_10h=-889, var_8h starts at 0.0
  Final: var_4h=0.0, var_8h=0.0
  Iterations: 0
  Compare var_4h (0.0) with TARGET (4550.7998)
  Result: Bad password

Input: -892
  As float: -892.0
  + CONST1: -888.43600011
  Truncated to int: -888
  Loop: var_10h=-888, var_8h starts at 0.0
  Final: var_4h=0.0, var_8h=0.0
  Iterations: 0
  Compare var_4h (0.0) with TARGET (4550.7998)
  Result: Bad password

Input: -891
  As float: -891.0
  + CONST1: -887.43600011
  Truncated to int: -887
  Loop: var_10h=-887, var_8h starts at 0.0
  Final: var_4h=0.0, var_8h=0.0
  Iterations: 0
  Compare var_4h (0.0) with TARGET (4550.7998)
  Result: Bad password

Input: -890
  As float: -890.0
  + CONST1: -886.43600011
  Truncated to int: -886
  Loop: var_10h=-886, var_8h starts at 0.0
  Final: var_4h=0.0, var_8h=0.0
  Iterations: 0
  Compare var_4h (0.0) with TARGET (4550.7998)
  Result: Bad password

Input: -889
  As float: -889.0
  + CONST1: -885.43600011
  Truncated to int: -885
  Loop: var_10h=-885, var_8h starts at 0.0
  Final: var_4h=0.0, var_8h=0.0
  Iterations: 0
  Compare var_4h (0.0) with TARGET (4550.7998)
  Result: Bad password

Input: -888
  As float: -888.0
  + CONST1: -884.43600011
  Truncated to int: -884
  Loop: var_10h=-884, var_8h starts at 0.0
  Final: var_4h=0.0, var_8h=0.0
  Iterations: 0
  Compare var_4h (0.0) with TARGET (4550.7998)
  Result: Bad password

Input: -887
  As float: -887.0
  + CONST1: -883.43600011
  Truncated to int: -883
  Loop: var_10h=-883, var_8h starts at 0.0
  Final: var_4h=0.0, var_8h=0.0
  Iterations: 0
  Compare var_4h (0.0) with TARGET 

<bash_metadata>
bash tool truncated output as it exceeded 30000 char limit
</bash_metadata>



[92m[1m| [0m[90m Write    [0mworkspace/solve.py


I see the issue - for negative inputs, the loop doesn't run because var_10h is negative and var_8h starts at 0.0, so the condition var_10h > var_8h is false. Let me search for positive inputs that might work:

[91m[1m| [0m[90m Bash     [0mRun mathematical analysis to find solution

Mathematical analysis:
TARGET = 4550.7998
CONST2 = 0.800000012
Quadratic solutions: var_10h ≈ 49.39905205384363 or -49.13238538317697
  var_10h=49, n=61, var_4h=4453.000021960001
  var_10h=50, n=62, var_4h=4612.800022691999
  var_10h=48, n=59, var_4h=4200.800020532

SOLUTION FOUND: 46
  var_10h: 49
  iterations: 62
  final result: 4550.800022692001




[91m[1m| [0m[90m Bash     [0mTest the solution with the binary

/usr/bin/bash: line 1: ./input.bin: Permission denied



Excellent! The solution is 46. Let me test this with the actual binary to confirm:

[91m[1m| [0m[90m Bash     [0mMake binary executable



[91m[1m| [0m[90m Bash     [0mTest solution with binary

OrbStack ERROR: Dynamic loader not found: /lib64/ld-linux-x86-64.so.2

This usually means that you're running an x86 program on an arm64 OS without multi-arch libraries.
To fix this, you can:
  1. Use an Intel (amd64) container to run this program; or
  2. Install multi-arch libraries in this container.

This can also be caused by running a glibc executable in a musl distro (e.g. Alpine), or vice versa.

For more details and instructions, see https://orb.cx/multiarch




[92m[1m| [0m[90m Write    [0mworkspace/report.md


Let me create a comprehensive report and also create a Python keygen:

[92m[1m| [0m[90m Write    [0mworkspace/keygen.py



[91m[1m| [0m[90m Bash     [0mGenerate the password

The correct password is: 45




[91m[1m| [0m[90m Bash     [0mGenerate and verify password

The correct password is: 45

Input: 45
var_10h: 48
Iterations: 60
Final result: 4296.000021239999
Target: 4550.7998
Result: ✗ Bad password




[91m[1m| [0m[90m Bash     [0mTest password 46

Input: 46
var_10h: 49
Iterations: 62
Final result: 4550.800022691999
Target: 4550.7998
Result: ✓ Good password



Let me check the calculation again. I think there's a rounding issue:



Perfect! The correct password is 46, not 45. Let me fix the keygen:

[92m[1m| [0m[90m Edit     [0mworkspace/keygen.py
[91m[1m| [0m[90m Bash     [0mGenerate correct password

The correct password is: 46




[94m[1m| [0m[90m radare2_close_file  [0mUnknown


Great! Now let me clean up and provide the final summary:



## Summary

I successfully reverse engineered the crackme binary `input.bin` and found the solution:

**Correct Password: 46**

### Key Findings:

1. **Binary Type**: Simple mathematical password checker
2. **Algorithm**: 
   - Takes integer input, adds 3.56399989, truncates to int
   - Runs loop accumulating values with 0.800000012 increment
   - Checks if final result equals 4550.7998

3. **Solution Method**: 
   - Reverse-engineered the triangular number accumulation pattern
   - Solved quadratic equation mathematically
   - Verified through simulation

4. **Files Created**:
   - `report.md` - Comprehensive reverse engineering documentation
   - `keygen.py` - Standalone password generator with verification

The binary is not packed or obfuscated - just uses floating-point math to create a non-obvious password validation algorithm.

[+] Done. Report written to /workspace/report.md
[+] Log written to /workspace/opencode.log
