[i] No analyze.task.md found in /workspace, copying template...
[+] input.bin detected, starting analysis...
[i] OpenCode config: /home/op/.config/opencode/opencode.json
radare2 6.0.7 1 @ linux-arm-64
birth: git.6.0.7 2025-12-14__12:21:02
commit: a81b90c76fff87a6ad22c3ce7f5daba8f425194e
options: gpl -O? cs:5 cl:2 make
r2pm 6.0.7 1 @ linux-arm-64
birth: git.6.0.7 2025-12-14__12:21:02
commit: a81b90c76fff87a6ad22c3ce7f5daba8f425194e
options: gpl -O? cs:5 cl:2 make
1.0.152
[i] OpenCode credentials: /home/op/.local/share/opencode/auth.json (mounted)
[+] Running OpenCode, logging to /workspace/opencode.log ...
[94m[1m| [0m[90m List     [0mworkspace
[94m[1m| [0m[90m radare2_open_file  [0m{"file_path":"/workspace/input.bin"}
[94m[1m| [0m[90m radare2_analyze  [0m{"level":3}
[94m[1m| [0m[90m radare2_list_decompilers  [0mUnknown
[94m[1m| [0m[90m radare2_show_headers  [0mUnknown
[94m[1m| [0m[90m radare2_list_sections  [0mUnknown
[94m[1m| [0m[90m radare2_list_entrypoints  [0mUnknown
[94m[1m| [0m[90m radare2_list_libraries  [0mUnknown
[94m[1m| [0m[90m radare2_list_imports  [0mUnknown
[94m[1m| [0m[90m radare2_list_strings  [0m{"filter":"-h|--help|usage|password|flag|http|server|port|file|system|exec"}
